// Jest Snapshot v1, https://goo.gl/fbAQLP

exports[`should render correctly with no props 1`] = `
<div
  style={
    Object {
      "fontFamily": "Gill Sans",
      "width": 600,
    }
  }
>
  <div
    style={
      Object {
        "display": "flex",
      }
    }
  >
    <div
      style={
        Object {
          "alignSelf": "center",
          "fontSize": 20,
          "marginRight": 10,
        }
      }
    >
      Reviews
    </div>
    <Star
      starClass="averageStars"
      stars={0}
    />
    <div
      style={
        Object {
          "alignSelf": "center",
          "marginLeft": 10,
        }
      }
    >
      (
      0
      )
    </div>
  </div>
  <ReviewContainer
    limit={4}
    reviews={Array []}
    showPrice="false"
    visitItem={[Function]}
  />
  <Button
    currentNumber={4}
    showMore={[Function]}
    totalReviews={0}
  />
  <ReviewPhotosContainer
    openModal={[Function]}
    reviewImages={Array []}
  />
  <Modal
    onClose={[Function]}
    showModal={false}
  />
</div>
`;
