// Jest Snapshot v1, https://goo.gl/fbAQLP

exports[`should render correctly when props.showModal is true 1`] = `
<div
  className="modal"
  id="modal-overlay"
  style={
    Object {
      "alignItems": "center",
      "animation": "show .5s ease",
      "backgroundColor": "rgba(0, 0, 0, 0.7)",
      "bottom": 0,
      "display": "flex",
      "justifyContent": "center",
      "left": 0,
      "opacity": 1,
      "overflowX": "hidden",
      "overflowY": "auto",
      "padding": "1rem",
      "position": "fixed",
      "right": 0,
      "top": 0,
      "zIndex": "9999",
    }
  }
>
  <section
    style={
      Object {
        "background": "white",
        "display": "flex",
        "height": 565,
        "left": "50%",
        "position": "fixed",
        "top": "45%",
        "transform": "translate(-50%,-50%)",
        "width": "65%",
      }
    }
  >
    <div>
      <img
        src="https://s3-us-west-1.amazonaws.com/antsyreviewimages/00242.jpg"
        style={
          Object {
            "height": 565,
            "width": 565,
          }
        }
      />
    </div>
    <div
      style={
        Object {
          "display": "flex",
          "flexDirection": "column",
          "justifyContent": "space-between",
        }
      }
    >
      <div
        className="modalReview"
        style={
          Object {
            "marginTop": 20,
          }
        }
      >
        <div
          style={
            Object {
              "display": "flex",
              "margin": 20,
            }
          }
        >
          <img
            src="https://s3-us-west-1.amazonaws.com/antsyuserimages/00016.jpg"
            style={
              Object {
                "borderRadius": 50,
                "height": 50,
                "width": 50,
              }
            }
          />
          <div
            style={
              Object {
                "alignSelf": "center",
                "margin": 5,
                "marginLeft": 15,
                "textDecoration": "underline",
              }
            }
          >
            Peter Blick DDS
          </div>
          <div
            style={
              Object {
                "alignSelf": "center",
                "margin": 5,
              }
            }
          >
            Aug 01, 2014
          </div>
        </div>
        <div
          style={
            Object {
              "margin": 20,
            }
          }
        >
          <Star
            stars={2}
          />
          <div>
            You can't calculate the panel without bypassing the mobile SMS array!
          </div>
        </div>
      </div>
      <div
        className="modalItem"
      >
        <div
          style={
            Object {
              "margin": 20,
            }
          }
        >
          <Item
            review={
              Object {
                "created_at": "2014-08-02T02:54:51.000Z",
                "item_img": "https://s3-us-west-1.amazonaws.com/antsyitemsimages/00087.jpg",
                "item_name": "Rustic Plastic Chips",
                "price": 474,
                "review": "You can't calculate the panel without bypassing the mobile SMS array!",
                "review_id": 242,
                "review_img": "https://s3-us-west-1.amazonaws.com/antsyreviewimages/00242.jpg",
                "stars": 2,
                "user_img": "https://s3-us-west-1.amazonaws.com/antsyuserimages/00016.jpg",
                "user_name": "Peter Blick DDS",
              }
            }
            showPrice="true"
          />
        </div>
      </div>
    </div>
    <button
      className="closeModal"
      style={
        Object {
          "background": "none",
          "border": "none",
          "cursor": "pointer",
          "display": "block",
          "float": "right",
          "padding": "none",
          "position": "absolute",
          "right": 5,
          "top": 5,
          "zIndex": 3,
        }
      }
    >
      <img
        id="close-modal"
        src="https://cdn0.iconfinder.com/data/icons/elasto-online-store/26/00-ELASTOFONT-STORE-READY_close-512.png"
        style={
          Object {
            "background": "white",
            "height": 20,
            "margin": 10,
            "width": 20,
          }
        }
      />
    </button>
  </section>
</div>
`;
