// Jest Snapshot v1, https://goo.gl/fbAQLP

exports[`should render correctly with no props 1`] = `
<div>
  <div
    style={
      Object {
        "display": "flex",
      }
    }
  >
    <div
      style={
        Object {
          "cursor": "pointer",
          "margin": 5,
          "textDecoration": "underline",
        }
      }
    >
      Deangelo Schuppe
    </div>
    <div
      style={
        Object {
          "margin": 5,
        }
      }
    >
      Mar 27, 2014
    </div>
  </div>
  <div>
    <div>
      <Star
        starClass="review-star"
      />
      <div>
        I'll generate the cross-platform COM firewall, that should driver the XSS pixel!
      </div>
    </div>
  </div>
</div>
`;
